Archive member included because of file (symbol)

c:/users/nader/desktop/imbeedded/sdk_win_64/sdk_win_64/winavr/bin/../lib/gcc/avr/4.3.3/avr5\libgcc.a(_divmodsi4.o)
                              ./HAL/LCD/source.o (__divmodsi4)
c:/users/nader/desktop/imbeedded/sdk_win_64/sdk_win_64/winavr/bin/../lib/gcc/avr/4.3.3/avr5\libgcc.a(_exit.o)
                              c:/users/nader/desktop/imbeedded/sdk_win_64/sdk_win_64/winavr/bin/../lib/gcc/avr/4.3.3/../../../../avr/lib/avr5/crtm32.o (exit)
c:/users/nader/desktop/imbeedded/sdk_win_64/sdk_win_64/winavr/bin/../lib/gcc/avr/4.3.3/avr5\libgcc.a(_copy_data.o)
                              ./MCAL/EXTI/EXTI_config.o (__do_copy_data)
c:/users/nader/desktop/imbeedded/sdk_win_64/sdk_win_64/winavr/bin/../lib/gcc/avr/4.3.3/avr5\libgcc.a(_clear_bss.o)
                              ./MCAL/EXTI/EXTI_program.o (__do_clear_bss)
c:/users/nader/desktop/imbeedded/sdk_win_64/sdk_win_64/winavr/bin/../lib/gcc/avr/4.3.3/avr5\libgcc.a(_udivmodsi4.o)
                              c:/users/nader/desktop/imbeedded/sdk_win_64/sdk_win_64/winavr/bin/../lib/gcc/avr/4.3.3/avr5\libgcc.a(_divmodsi4.o) (__udivmodsi4)
c:/users/nader/desktop/imbeedded/sdk_win_64/sdk_win_64/winavr/bin/../lib/gcc/avr/4.3.3/../../../../avr/lib/avr5\libc.a(strcmp.o)
                              ./Application/main.o (strcmp)

Memory Configuration

Name             Origin             Length             Attributes
text             0x00000000         0x00020000         xr
data             0x00800060         0x0000ffa0         rw !x
eeprom           0x00810000         0x00010000         rw !x
fuse             0x00820000         0x00000400         rw !x
lock             0x00830000         0x00000400         rw !x
signature        0x00840000         0x00000400         rw !x
*default*        0x00000000         0xffffffff

Linker script and memory map

LOAD c:/users/nader/desktop/imbeedded/sdk_win_64/sdk_win_64/winavr/bin/../lib/gcc/avr/4.3.3/../../../../avr/lib/avr5/crtm32.o
LOAD ./MCAL/UART/UART_prog.o
LOAD ./MCAL/GIE/GIE_Prog.o
LOAD ./MCAL/EXTI/EXTI_config.o
LOAD ./MCAL/EXTI/EXTI_program.o
LOAD ./MCAL/DIO/DIO_prog.o
LOAD ./HAL/LCD/source.o
LOAD ./HAL/Key_pad/keypad_prog.o
LOAD ./Application/main.o
LOAD c:/users/nader/desktop/imbeedded/sdk_win_64/sdk_win_64/winavr/bin/../lib/gcc/avr/4.3.3/avr5\libgcc.a
LOAD c:/users/nader/desktop/imbeedded/sdk_win_64/sdk_win_64/winavr/bin/../lib/gcc/avr/4.3.3/../../../../avr/lib/avr5\libc.a
LOAD c:/users/nader/desktop/imbeedded/sdk_win_64/sdk_win_64/winavr/bin/../lib/gcc/avr/4.3.3/avr5\libgcc.a

.hash
 *(.hash)

.dynsym
 *(.dynsym)

.dynstr
 *(.dynstr)

.gnu.version
 *(.gnu.version)

.gnu.version_d
 *(.gnu.version_d)

.gnu.version_r
 *(.gnu.version_r)

.rel.init
 *(.rel.init)

.rela.init
 *(.rela.init)

.rel.text
 *(.rel.text)
 *(.rel.text.*)
 *(.rel.gnu.linkonce.t*)

.rela.text
 *(.rela.text)
 *(.rela.text.*)
 *(.rela.gnu.linkonce.t*)

.rel.fini
 *(.rel.fini)

.rela.fini
 *(.rela.fini)

.rel.rodata
 *(.rel.rodata)
 *(.rel.rodata.*)
 *(.rel.gnu.linkonce.r*)

.rela.rodata
 *(.rela.rodata)
 *(.rela.rodata.*)
 *(.rela.gnu.linkonce.r*)

.rel.data
 *(.rel.data)
 *(.rel.data.*)
 *(.rel.gnu.linkonce.d*)

.rela.data
 *(.rela.data)
 *(.rela.data.*)
 *(.rela.gnu.linkonce.d*)

.rel.ctors
 *(.rel.ctors)

.rela.ctors
 *(.rela.ctors)

.rel.dtors
 *(.rel.dtors)

.rela.dtors
 *(.rela.dtors)

.rel.got
 *(.rel.got)

.rela.got
 *(.rela.got)

.rel.bss
 *(.rel.bss)

.rela.bss
 *(.rela.bss)

.rel.plt
 *(.rel.plt)

.rela.plt
 *(.rela.plt)

.text           0x00000000      0xd62
 *(.vectors)
 .vectors       0x00000000       0x54 c:/users/nader/desktop/imbeedded/sdk_win_64/sdk_win_64/winavr/bin/../lib/gcc/avr/4.3.3/../../../../avr/lib/avr5/crtm32.o
                0x00000000                __vectors
                0x00000000                __vector_default
 *(.vectors)
 *(.progmem.gcc*)
 *(.progmem*)
                0x00000054                . = ALIGN (0x2)
                0x00000054                __trampolines_start = .
 *(.trampolines)
 .trampolines   0x00000054        0x0 linker stubs
 *(.trampolines*)
                0x00000054                __trampolines_end = .
 *(.jumptables)
 *(.jumptables*)
 *(.lowtext)
 *(.lowtext*)
                0x00000054                __ctors_start = .
 *(.ctors)
                0x00000054                __ctors_end = .
                0x00000054                __dtors_start = .
 *(.dtors)
                0x00000054                __dtors_end = .
 SORT(*)(.ctors)
 SORT(*)(.dtors)
 *(.init0)
 .init0         0x00000054        0x0 c:/users/nader/desktop/imbeedded/sdk_win_64/sdk_win_64/winavr/bin/../lib/gcc/avr/4.3.3/../../../../avr/lib/avr5/crtm32.o
                0x00000054                __init
 *(.init0)
 *(.init1)
 *(.init1)
 *(.init2)
 .init2         0x00000054        0xc c:/users/nader/desktop/imbeedded/sdk_win_64/sdk_win_64/winavr/bin/../lib/gcc/avr/4.3.3/../../../../avr/lib/avr5/crtm32.o
 *(.init2)
 *(.init3)
 *(.init3)
 *(.init4)
 .init4         0x00000060       0x16 c:/users/nader/desktop/imbeedded/sdk_win_64/sdk_win_64/winavr/bin/../lib/gcc/avr/4.3.3/avr5\libgcc.a(_copy_data.o)
                0x00000060                __do_copy_data
 .init4         0x00000076       0x10 c:/users/nader/desktop/imbeedded/sdk_win_64/sdk_win_64/winavr/bin/../lib/gcc/avr/4.3.3/avr5\libgcc.a(_clear_bss.o)
                0x00000076                __do_clear_bss
 *(.init4)
 *(.init5)
 *(.init5)
 *(.init6)
 *(.init6)
 *(.init7)
 *(.init7)
 *(.init8)
 *(.init8)
 *(.init9)
 .init9         0x00000086        0x8 c:/users/nader/desktop/imbeedded/sdk_win_64/sdk_win_64/winavr/bin/../lib/gcc/avr/4.3.3/../../../../avr/lib/avr5/crtm32.o
 *(.init9)
 *(.text)
 .text          0x0000008e        0x4 c:/users/nader/desktop/imbeedded/sdk_win_64/sdk_win_64/winavr/bin/../lib/gcc/avr/4.3.3/../../../../avr/lib/avr5/crtm32.o
                0x0000008e                __vector_12
                0x0000008e                __bad_interrupt
                0x0000008e                __vector_6
                0x0000008e                __vector_11
                0x0000008e                __vector_13
                0x0000008e                __vector_17
                0x0000008e                __vector_19
                0x0000008e                __vector_7
                0x0000008e                __vector_5
                0x0000008e                __vector_4
                0x0000008e                __vector_9
                0x0000008e                __vector_15
                0x0000008e                __vector_8
                0x0000008e                __vector_14
                0x0000008e                __vector_10
                0x0000008e                __vector_16
                0x0000008e                __vector_18
                0x0000008e                __vector_20
 .text          0x00000092        0x0 ./MCAL/UART/UART_prog.o
 .text          0x00000092        0x0 ./MCAL/GIE/GIE_Prog.o
 .text          0x00000092        0x0 ./MCAL/EXTI/EXTI_config.o
 .text          0x00000092        0x0 ./MCAL/EXTI/EXTI_program.o
 .text          0x00000092        0x0 ./MCAL/DIO/DIO_prog.o
 .text          0x00000092        0x0 ./HAL/LCD/source.o
 .text          0x00000092        0x0 ./HAL/Key_pad/keypad_prog.o
 .text          0x00000092        0x0 ./Application/main.o
 .text          0x00000092        0x0 c:/users/nader/desktop/imbeedded/sdk_win_64/sdk_win_64/winavr/bin/../lib/gcc/avr/4.3.3/avr5\libgcc.a(_divmodsi4.o)
 .text          0x00000092        0x0 c:/users/nader/desktop/imbeedded/sdk_win_64/sdk_win_64/winavr/bin/../lib/gcc/avr/4.3.3/avr5\libgcc.a(_exit.o)
 .text          0x00000092        0x0 c:/users/nader/desktop/imbeedded/sdk_win_64/sdk_win_64/winavr/bin/../lib/gcc/avr/4.3.3/avr5\libgcc.a(_copy_data.o)
 .text          0x00000092        0x0 c:/users/nader/desktop/imbeedded/sdk_win_64/sdk_win_64/winavr/bin/../lib/gcc/avr/4.3.3/avr5\libgcc.a(_clear_bss.o)
 .text          0x00000092        0x0 c:/users/nader/desktop/imbeedded/sdk_win_64/sdk_win_64/winavr/bin/../lib/gcc/avr/4.3.3/avr5\libgcc.a(_udivmodsi4.o)
 .text          0x00000092        0x0 c:/users/nader/desktop/imbeedded/sdk_win_64/sdk_win_64/winavr/bin/../lib/gcc/avr/4.3.3/../../../../avr/lib/avr5\libc.a(strcmp.o)
                0x00000092                . = ALIGN (0x2)
 *(.text.*)
 .text.enuinit_UART
                0x00000092       0x16 ./MCAL/UART/UART_prog.o
                0x00000092                enuinit_UART
 .text.enu_UARTtransmit_char
                0x000000a8        0xa ./MCAL/UART/UART_prog.o
                0x000000a8                enu_UARTtransmit_char
 .text.enu_UARTreceive_char
                0x000000b2        0xe ./MCAL/UART/UART_prog.o
                0x000000b2                enu_UARTreceive_char
 .text.enu_UARTtransmit_string
                0x000000c0       0x18 ./MCAL/UART/UART_prog.o
                0x000000c0                enu_UARTtransmit_string
 .text.enu_UARTreceive_string
                0x000000d8       0x2e ./MCAL/UART/UART_prog.o
                0x000000d8                enu_UARTreceive_string
 .text.GIE_enuinit
                0x00000106        0x6 ./MCAL/GIE/GIE_Prog.o
                0x00000106                GIE_enuinit
 .text.GIE_enuEnable
                0x0000010c        0x6 ./MCAL/GIE/GIE_Prog.o
                0x0000010c                GIE_enuEnable
 .text.GIE_enuDisable
                0x00000112        0x6 ./MCAL/GIE/GIE_Prog.o
                0x00000112                GIE_enuDisable
 .text.EXTI_init
                0x00000118       0x76 ./MCAL/EXTI/EXTI_program.o
                0x00000118                EXTI_init
 .text.EXTI_enable
                0x0000018e       0x36 ./MCAL/EXTI/EXTI_program.o
                0x0000018e                EXTI_enable
 .text.EXTI_disable
                0x000001c4       0x36 ./MCAL/EXTI/EXTI_program.o
                0x000001c4                EXTI_disable
 .text.EXTI_statues
                0x000001fa       0x98 ./MCAL/EXTI/EXTI_program.o
                0x000001fa                EXTI_statues
 .text.callback_EXTI0
                0x00000292        0xa ./MCAL/EXTI/EXTI_program.o
                0x00000292                callback_EXTI0
 .text.callback_EXTI1
                0x0000029c        0xa ./MCAL/EXTI/EXTI_program.o
                0x0000029c                callback_EXTI1
 .text.callback_EXTI2
                0x000002a6        0xa ./MCAL/EXTI/EXTI_program.o
                0x000002a6                callback_EXTI2
 .text.__vector_1
                0x000002b0       0x52 ./MCAL/EXTI/EXTI_program.o
                0x000002b0                __vector_1
 .text.__vector_2
                0x00000302       0x52 ./MCAL/EXTI/EXTI_program.o
                0x00000302                __vector_2
 .text.__vector_3
                0x00000354       0x52 ./MCAL/EXTI/EXTI_program.o
                0x00000354                __vector_3
 .text.DIO_enuInit
                0x000003a6        0x6 ./MCAL/DIO/DIO_prog.o
                0x000003a6                DIO_enuInit
 .text.DIO_enuSetPinDirection
                0x000003ac       0xe4 ./MCAL/DIO/DIO_prog.o
                0x000003ac                DIO_enuSetPinDirection
 .text.DIO_enuSetPinValue
                0x00000490       0xe4 ./MCAL/DIO/DIO_prog.o
                0x00000490                DIO_enuSetPinValue
 .text.DIO_enuTogglePinValue
                0x00000574       0x78 ./MCAL/DIO/DIO_prog.o
                0x00000574                DIO_enuTogglePinValue
 .text.DIO_enuGetPinValue
                0x000005ec       0x4c ./MCAL/DIO/DIO_prog.o
                0x000005ec                DIO_enuGetPinValue
 .text.LCD_enuwritelatch
                0x00000638       0xae ./HAL/LCD/source.o
                0x00000638                LCD_enuwritelatch
 .text.LCD_enuGoToPosition
                0x000006e6       0x44 ./HAL/LCD/source.o
                0x000006e6                LCD_enuGoToPosition
 .text.LCD_enusend_string
                0x0000072a       0x24 ./HAL/LCD/source.o
                0x0000072a                LCD_enusend_string
 .text.LCD_enusend_data
                0x0000074e       0x1a ./HAL/LCD/source.o
                0x0000074e                LCD_enusend_data
 .text.LCD_enusend_cmd
                0x00000768       0x1a ./HAL/LCD/source.o
                0x00000768                LCD_enusend_cmd
 .text.LCD_enuSendIntegerNum
                0x00000782      0x194 ./HAL/LCD/source.o
                0x00000782                LCD_enuSendIntegerNum
 .text.LCD_int  0x00000916       0xec ./HAL/LCD/source.o
                0x00000916                LCD_int
 .text.keypad_valuepress
                0x00000a02      0x17c ./HAL/Key_pad/keypad_prog.o
                0x00000a02                keypad_valuepress
 .text.keypad_init
                0x00000b7e       0xa4 ./HAL/Key_pad/keypad_prog.o
                0x00000b7e                keypad_init
 .text.main     0x00000c22       0xb0 ./Application/main.o
                0x00000c22                main
 .text.libgcc   0x00000cd2       0x36 c:/users/nader/desktop/imbeedded/sdk_win_64/sdk_win_64/winavr/bin/../lib/gcc/avr/4.3.3/avr5\libgcc.a(_divmodsi4.o)
                0x00000cd2                __divmodsi4
 .text.libgcc   0x00000d08        0x0 c:/users/nader/desktop/imbeedded/sdk_win_64/sdk_win_64/winavr/bin/../lib/gcc/avr/4.3.3/avr5\libgcc.a(_exit.o)
 .text.libgcc   0x00000d08        0x0 c:/users/nader/desktop/imbeedded/sdk_win_64/sdk_win_64/winavr/bin/../lib/gcc/avr/4.3.3/avr5\libgcc.a(_copy_data.o)
 .text.libgcc   0x00000d08        0x0 c:/users/nader/desktop/imbeedded/sdk_win_64/sdk_win_64/winavr/bin/../lib/gcc/avr/4.3.3/avr5\libgcc.a(_clear_bss.o)
 .text.libgcc   0x00000d08       0x44 c:/users/nader/desktop/imbeedded/sdk_win_64/sdk_win_64/winavr/bin/../lib/gcc/avr/4.3.3/avr5\libgcc.a(_udivmodsi4.o)
                0x00000d08                __udivmodsi4
 .text.avr-libc
                0x00000d4c       0x12 c:/users/nader/desktop/imbeedded/sdk_win_64/sdk_win_64/winavr/bin/../lib/gcc/avr/4.3.3/../../../../avr/lib/avr5\libc.a(strcmp.o)
                0x00000d4c                strcmp
                0x00000d5e                . = ALIGN (0x2)
 *(.fini9)
 .fini9         0x00000d5e        0x0 c:/users/nader/desktop/imbeedded/sdk_win_64/sdk_win_64/winavr/bin/../lib/gcc/avr/4.3.3/avr5\libgcc.a(_exit.o)
                0x00000d5e                exit
                0x00000d5e                _exit
 *(.fini9)
 *(.fini8)
 *(.fini8)
 *(.fini7)
 *(.fini7)
 *(.fini6)
 *(.fini6)
 *(.fini5)
 *(.fini5)
 *(.fini4)
 *(.fini4)
 *(.fini3)
 *(.fini3)
 *(.fini2)
 *(.fini2)
 *(.fini1)
 *(.fini1)
 *(.fini0)
 .fini0         0x00000d5e        0x4 c:/users/nader/desktop/imbeedded/sdk_win_64/sdk_win_64/winavr/bin/../lib/gcc/avr/4.3.3/avr5\libgcc.a(_exit.o)
 *(.fini0)
                0x00000d62                _etext = .

.data           0x00800060       0x30 load address 0x00000d62
                0x00800060                PROVIDE (__data_start, .)
 *(.data)
 .data          0x00800060        0x0 c:/users/nader/desktop/imbeedded/sdk_win_64/sdk_win_64/winavr/bin/../lib/gcc/avr/4.3.3/../../../../avr/lib/avr5/crtm32.o
 .data          0x00800060        0x0 ./MCAL/UART/UART_prog.o
 .data          0x00800060        0x0 ./MCAL/GIE/GIE_Prog.o
 .data          0x00800060        0x0 ./MCAL/EXTI/EXTI_config.o
 .data          0x00800060        0x0 ./MCAL/EXTI/EXTI_program.o
 .data          0x00800060        0x0 ./MCAL/DIO/DIO_prog.o
 .data          0x00800060        0x0 ./HAL/LCD/source.o
 .data          0x00800060        0x0 ./HAL/Key_pad/keypad_prog.o
 .data          0x00800060       0x1c ./Application/main.o
 .data          0x0080007c        0x0 c:/users/nader/desktop/imbeedded/sdk_win_64/sdk_win_64/winavr/bin/../lib/gcc/avr/4.3.3/avr5\libgcc.a(_divmodsi4.o)
 .data          0x0080007c        0x0 c:/users/nader/desktop/imbeedded/sdk_win_64/sdk_win_64/winavr/bin/../lib/gcc/avr/4.3.3/avr5\libgcc.a(_exit.o)
 .data          0x0080007c        0x0 c:/users/nader/desktop/imbeedded/sdk_win_64/sdk_win_64/winavr/bin/../lib/gcc/avr/4.3.3/avr5\libgcc.a(_copy_data.o)
 .data          0x0080007c        0x0 c:/users/nader/desktop/imbeedded/sdk_win_64/sdk_win_64/winavr/bin/../lib/gcc/avr/4.3.3/avr5\libgcc.a(_clear_bss.o)
 .data          0x0080007c        0x0 c:/users/nader/desktop/imbeedded/sdk_win_64/sdk_win_64/winavr/bin/../lib/gcc/avr/4.3.3/avr5\libgcc.a(_udivmodsi4.o)
 .data          0x0080007c        0x0 c:/users/nader/desktop/imbeedded/sdk_win_64/sdk_win_64/winavr/bin/../lib/gcc/avr/4.3.3/../../../../avr/lib/avr5\libc.a(strcmp.o)
 *(.data*)
 .data.intr     0x0080007c        0x3 ./MCAL/EXTI/EXTI_config.o
                0x0080007c                intr
 *(.rodata)
 *(.rodata*)
 .rodata.C.0.1301
                0x0080007f       0x10 ./HAL/Key_pad/keypad_prog.o
 *(.gnu.linkonce.d*)
                0x00800090                . = ALIGN (0x2)
 *fill*         0x0080008f        0x1 00
                0x00800090                _edata = .
                0x00800090                PROVIDE (__data_end, .)

.bss            0x00800090        0x6
                0x00800090                PROVIDE (__bss_start, .)
 *(.bss)
 .bss           0x00800090        0x0 c:/users/nader/desktop/imbeedded/sdk_win_64/sdk_win_64/winavr/bin/../lib/gcc/avr/4.3.3/../../../../avr/lib/avr5/crtm32.o
 .bss           0x00800090        0x0 ./MCAL/UART/UART_prog.o
 .bss           0x00800090        0x0 ./MCAL/GIE/GIE_Prog.o
 .bss           0x00800090        0x0 ./MCAL/EXTI/EXTI_config.o
 .bss           0x00800090        0x0 ./MCAL/EXTI/EXTI_program.o
 .bss           0x00800090        0x0 ./MCAL/DIO/DIO_prog.o
 .bss           0x00800090        0x0 ./HAL/LCD/source.o
 .bss           0x00800090        0x0 ./HAL/Key_pad/keypad_prog.o
 .bss           0x00800090        0x0 ./Application/main.o
 .bss           0x00800090        0x0 c:/users/nader/desktop/imbeedded/sdk_win_64/sdk_win_64/winavr/bin/../lib/gcc/avr/4.3.3/avr5\libgcc.a(_divmodsi4.o)
 .bss           0x00800090        0x0 c:/users/nader/desktop/imbeedded/sdk_win_64/sdk_win_64/winavr/bin/../lib/gcc/avr/4.3.3/avr5\libgcc.a(_exit.o)
 .bss           0x00800090        0x0 c:/users/nader/desktop/imbeedded/sdk_win_64/sdk_win_64/winavr/bin/../lib/gcc/avr/4.3.3/avr5\libgcc.a(_copy_data.o)
 .bss           0x00800090        0x0 c:/users/nader/desktop/imbeedded/sdk_win_64/sdk_win_64/winavr/bin/../lib/gcc/avr/4.3.3/avr5\libgcc.a(_clear_bss.o)
 .bss           0x00800090        0x0 c:/users/nader/desktop/imbeedded/sdk_win_64/sdk_win_64/winavr/bin/../lib/gcc/avr/4.3.3/avr5\libgcc.a(_udivmodsi4.o)
 .bss           0x00800090        0x0 c:/users/nader/desktop/imbeedded/sdk_win_64/sdk_win_64/winavr/bin/../lib/gcc/avr/4.3.3/../../../../avr/lib/avr5\libc.a(strcmp.o)
 *(.bss*)
 .bss.ptr_globalEXTI
                0x00800090        0x6 ./MCAL/EXTI/EXTI_program.o
 *(COMMON)
                0x00800096                PROVIDE (__bss_end, .)
                0x00000d62                __data_load_start = LOADADDR (.data)
                0x00000d92                __data_load_end = (__data_load_start + SIZEOF (.data))

.noinit         0x00800096        0x0
                0x00800096                PROVIDE (__noinit_start, .)
 *(.noinit*)
                0x00800096                PROVIDE (__noinit_end, .)
                0x00800096                _end = .
                0x00800096                PROVIDE (__heap_start, .)

.eeprom         0x00810000        0x0
 *(.eeprom*)
                0x00810000                __eeprom_end = .

.fuse
 *(.fuse)
 *(.lfuse)
 *(.hfuse)
 *(.efuse)

.lock
 *(.lock*)

.signature
 *(.signature*)

.stab
 *(.stab)

.stabstr
 *(.stabstr)

.stab.excl
 *(.stab.excl)

.stab.exclstr
 *(.stab.exclstr)

.stab.index
 *(.stab.index)

.stab.indexstr
 *(.stab.indexstr)

.comment
 *(.comment)

.debug
 *(.debug)

.line
 *(.line)

.debug_srcinfo
 *(.debug_srcinfo)

.debug_sfnames
 *(.debug_sfnames)

.debug_aranges
 *(.debug_aranges)

.debug_pubnames
 *(.debug_pubnames)

.debug_info
 *(.debug_info)
 *(.gnu.linkonce.wi.*)

.debug_abbrev
 *(.debug_abbrev)

.debug_line
 *(.debug_line)

.debug_frame
 *(.debug_frame)

.debug_str
 *(.debug_str)

.debug_loc
 *(.debug_loc)

.debug_macinfo
 *(.debug_macinfo)
OUTPUT(My_Drive.elf elf32-avr)
LOAD linker stubs
